// Jest Snapshot v1, https://goo.gl/fbAQLP

exports[`<Loading/> renders <Loading.ReleaseBody/> correctly 1`] = `null`;

exports[`<Loading/> renders <Loading/> with data 1`] = `
<div
  class="sc-bdvvaa jSiMrm"
  data-testid="loading"
>
  <img
    class="sc-gsDJrp zVCZh"
    data-testid="loading-picture"
    src="/images/users//images/karl.png.png"
  />
</div>
`;
